---
source: crates/mcc/src/types.rs
description: int (
expression: formatted
---
(translation_unit
  (ERROR
    type: (primitive_type)
    ("(")))
