---
source: crates/mcc/src/types.rs
expression: formatted
---
(translation_unit)
