---
source: crates/mcc/src/types.rs
expression: formatted
---
(translation_unit
  (declaration
    type: (primitive_type)
    declarator: (identifier)
    (;)))
