---
source: crates/mcc/src/types.rs
expression: formatted
---
(translation_unit
  (ERROR
    (identifier)
    (:)
    type: (type_identifier)
    (identifier)
    (identifier)))
