---
source: crates/mcc/src/types.rs
expression: formatted
---
(translation_unit
  (ERROR
    type: (primitive_type)
    (())
  (expression_statement
    (;)))
