---
source: crates/mcc/src/types.rs
expression: formatted
---
(a :b 
  c)
