---
source: crates/mcc/src/types.rs
description: /* */
expression: formatted
---
(translation_unit
  (comment))
